------------------------------------------------------------
Timing Analyzer Summary
------------------------------------------------------------

Type  : Slow 1100mV 85C Model Setup 'clk'
Slack : 10.951
TNS   : 0.000

Type  : Slow 1100mV 85C Model Hold 'clk'
Slack : 0.421
TNS   : 0.000

Type  : Slow 1100mV 85C Model Minimum Pulse Width 'clk'
Slack : 8.979
TNS   : 0.000

Type  : Slow 1100mV 0C Model Setup 'clk'
Slack : 10.934
TNS   : 0.000

Type  : Slow 1100mV 0C Model Hold 'clk'
Slack : 0.431
TNS   : 0.000

Type  : Slow 1100mV 0C Model Minimum Pulse Width 'clk'
Slack : 8.936
TNS   : 0.000

Type  : Fast 1100mV 85C Model Setup 'clk'
Slack : 14.880
TNS   : 0.000

Type  : Fast 1100mV 85C Model Hold 'clk'
Slack : 0.184
TNS   : 0.000

Type  : Fast 1100mV 85C Model Minimum Pulse Width 'clk'
Slack : 8.996
TNS   : 0.000

Type  : Fast 1100mV 0C Model Setup 'clk'
Slack : 15.401
TNS   : 0.000

Type  : Fast 1100mV 0C Model Hold 'clk'
Slack : 0.176
TNS   : 0.000

Type  : Fast 1100mV 0C Model Minimum Pulse Width 'clk'
Slack : 9.005
TNS   : 0.000

------------------------------------------------------------
