------------------------------------------------------------
TimeQuest Timing Analyzer Summary
------------------------------------------------------------

Type  : Slow 1100mV 85C Model Setup 'CLOCK_50'
Slack : -3.618
TNS   : -6387.330

Type  : Slow 1100mV 85C Model Hold 'CLOCK_50'
Slack : 0.516
TNS   : 0.000

Type  : Slow 1100mV 85C Model Minimum Pulse Width 'CLOCK_50'
Slack : -2.636
TNS   : -11518.757

Type  : Slow 1100mV 0C Model Setup 'CLOCK_50'
Slack : -3.594
TNS   : -6479.197

Type  : Slow 1100mV 0C Model Hold 'CLOCK_50'
Slack : 0.553
TNS   : 0.000

Type  : Slow 1100mV 0C Model Minimum Pulse Width 'CLOCK_50'
Slack : -2.636
TNS   : -11567.577

Type  : Fast 1100mV 85C Model Setup 'CLOCK_50'
Slack : -1.753
TNS   : -2035.151

Type  : Fast 1100mV 85C Model Hold 'CLOCK_50'
Slack : 0.303
TNS   : 0.000

Type  : Fast 1100mV 85C Model Minimum Pulse Width 'CLOCK_50'
Slack : -2.174
TNS   : -8542.933

Type  : Fast 1100mV 0C Model Setup 'CLOCK_50'
Slack : -1.475
TNS   : -1673.679

Type  : Fast 1100mV 0C Model Hold 'CLOCK_50'
Slack : 0.248
TNS   : 0.000

Type  : Fast 1100mV 0C Model Minimum Pulse Width 'CLOCK_50'
Slack : -2.174
TNS   : -8550.728

------------------------------------------------------------
